// Jest Snapshot v1, https://goo.gl/fbAQLP

exports[`Billing stack 1`] = `[Function]`;
