// Jest Snapshot v1, https://goo.gl/fbAQLP

exports[`Pipeline Stack 1`] = `
Object {
  "Parameters": Object {
    "BootstrapVersion": Object {
      "Default": "/cdk-bootstrap/hnb659fds/version",
      "Description": "Version of the CDK Bootstrap resources in this environment, automatically retrieved from SSM Parameter Store. [cdk:skip]",
      "Type": "AWS::SSM::Parameter::Value<String>",
    },
  },
  "Resources": Object {
    "CdkBuildProject9382C38D": Object {
      "Properties": Object {
        "Artifacts": Object {
          "Type": "CODEPIPELINE",
        },
        "Cache": Object {
          "Type": "NO_CACHE",
        },
        "EncryptionKey": "alias/aws/s3",
        "Environment": Object {
          "ComputeType": "BUILD_GENERAL1_SMALL",
          "Image": "aws/codebuild/standard:5.0",
          "ImagePullCredentialsType": "CODEBUILD",
          "PrivilegedMode": false,
          "Type": "LINUX_CONTAINER",
        },
        "ServiceRole": Object {
          "Fn::GetAtt": Array [
            "CdkBuildProjectRoleE0B6FEB0",
            "Arn",
          ],
        },
        "Source": Object {
          "BuildSpec": "build-specs/cdk-build-spec.yml",
          "Type": "CODEPIPELINE",
        },
      },
      "Type": "AWS::CodeBuild::Project",
    },
    "CdkBuildProjectRoleDefaultPolicy3C7ECB00": Object {
      "Properties": Object {
        "PolicyDocument": Object {
          "Statement": Array [
            Object {
              "Action": Array [
                "logs:CreateLogGroup",
                "logs:CreateLogStream",
                "logs:PutLogEvents",
              ],
              "Effect": "Allow",
              "Resource": Array [
                Object {
                  "Fn::Join": Array [
                    "",
                    Array [
                      "arn:",
                      Object {
                        "Ref": "AWS::Partition",
                      },
                      ":logs:us-east-1:1234567:log-group:/aws/codebuild/",
                      Object {
                        "Ref": "CdkBuildProject9382C38D",
                      },
                    ],
                  ],
                },
                Object {
                  "Fn::Join": Array [
                    "",
                    Array [
                      "arn:",
                      Object {
                        "Ref": "AWS::Partition",
                      },
                      ":logs:us-east-1:1234567:log-group:/aws/codebuild/",
                      Object {
                        "Ref": "CdkBuildProject9382C38D",
                      },
                      ":*",
                    ],
                  ],
                },
              ],
            },
            Object {
              "Action": Array [
                "codebuild:CreateReportGroup",
                "codebuild:CreateReport",
                "codebuild:UpdateReport",
                "codebuild:BatchPutTestCases",
                "codebuild:BatchPutCodeCoverages",
              ],
              "Effect": "Allow",
              "Resource": Object {
                "Fn::Join": Array [
                  "",
                  Array [
                    "arn:",
                    Object {
                      "Ref": "AWS::Partition",
                    },
                    ":codebuild:us-east-1:1234567:report-group/",
                    Object {
                      "Ref": "CdkBuildProject9382C38D",
                    },
                    "-*",
                  ],
                ],
              },
            },
            Object {
              "Action": Array [
                "s3:GetObject*",
                "s3:GetBucket*",
                "s3:List*",
                "s3:DeleteObject*",
                "s3:PutObject",
                "s3:PutObjectLegalHold",
                "s3:PutObjectRetention",
                "s3:PutObjectTagging",
                "s3:PutObjectVersionTagging",
                "s3:Abort*",
              ],
              "Effect": "Allow",
              "Resource": Array [
                Object {
                  "Fn::GetAtt": Array [
                    "PipelineArtifactsBucket22248F97",
                    "Arn",
                  ],
                },
                Object {
                  "Fn::Join": Array [
                    "",
                    Array [
                      Object {
                        "Fn::GetAtt": Array [
                          "PipelineArtifactsBucket22248F97",
                          "Arn",
                        ],
                      },
                      "/*",
                    ],
                  ],
                },
              ],
            },
          ],
          "Version": "2012-10-17",
        },
        "PolicyName": "CdkBuildProjectRoleDefaultPolicy3C7ECB00",
        "Roles": Array [
          Object {
            "Ref": "CdkBuildProjectRoleE0B6FEB0",
          },
        ],
      },
      "Type": "AWS::IAM::Policy",
    },
    "CdkBuildProjectRoleE0B6FEB0": Object {
      "Properties": Object {
        "AssumeRolePolicyDocument": Object {
          "Statement": Array [
            Object {
              "Action": "sts:AssumeRole",
              "Effect": "Allow",
              "Principal": Object {
                "Service": "codebuild.amazonaws.com",
              },
            },
          ],
          "Version": "2012-10-17",
        },
      },
      "Type": "AWS::IAM::Role",
    },
    "PipelineArtifactsBucket22248F97": Object {
      "DeletionPolicy": "Retain",
      "Properties": Object {
        "BucketEncryption": Object {
          "ServerSideEncryptionConfiguration": Array [
            Object {
              "ServerSideEncryptionByDefault": Object {
                "SSEAlgorithm": "aws:kms",
              },
            },
          ],
        },
        "PublicAccessBlockConfiguration": Object {
          "BlockPublicAcls": true,
          "BlockPublicPolicy": true,
          "IgnorePublicAcls": true,
          "RestrictPublicBuckets": true,
        },
      },
      "Type": "AWS::S3::Bucket",
      "UpdateReplacePolicy": "Retain",
    },
    "PipelineArtifactsBucketPolicyD4F9712A": Object {
      "Properties": Object {
        "Bucket": Object {
          "Ref": "PipelineArtifactsBucket22248F97",
        },
        "PolicyDocument": Object {
          "Statement": Array [
            Object {
              "Action": "s3:*",
              "Condition": Object {
                "Bool": Object {
                  "aws:SecureTransport": "false",
                },
              },
              "Effect": "Deny",
              "Principal": Object {
                "AWS": "*",
              },
              "Resource": Array [
                Object {
                  "Fn::GetAtt": Array [
                    "PipelineArtifactsBucket22248F97",
                    "Arn",
                  ],
                },
                Object {
                  "Fn::Join": Array [
                    "",
                    Array [
                      Object {
                        "Fn::GetAtt": Array [
                          "PipelineArtifactsBucket22248F97",
                          "Arn",
                        ],
                      },
                      "/*",
                    ],
                  ],
                },
              ],
            },
          ],
          "Version": "2012-10-17",
        },
      },
      "Type": "AWS::S3::BucketPolicy",
    },
    "PipelineBuildCDKBuildCodePipelineActionRole15F4B424": Object {
      "Properties": Object {
        "AssumeRolePolicyDocument": Object {
          "Statement": Array [
            Object {
              "Action": "sts:AssumeRole",
              "Effect": "Allow",
              "Principal": Object {
                "AWS": Object {
                  "Fn::Join": Array [
                    "",
                    Array [
                      "arn:",
                      Object {
                        "Ref": "AWS::Partition",
                      },
                      ":iam::1234567:root",
                    ],
                  ],
                },
              },
            },
          ],
          "Version": "2012-10-17",
        },
      },
      "Type": "AWS::IAM::Role",
    },
    "PipelineBuildCDKBuildCodePipelineActionRoleDefaultPolicyE350F3F9": Object {
      "Properties": Object {
        "PolicyDocument": Object {
          "Statement": Array [
            Object {
              "Action": Array [
                "codebuild:BatchGetBuilds",
                "codebuild:StartBuild",
                "codebuild:StopBuild",
              ],
              "Effect": "Allow",
              "Resource": Object {
                "Fn::GetAtt": Array [
                  "CdkBuildProject9382C38D",
                  "Arn",
                ],
              },
            },
          ],
          "Version": "2012-10-17",
        },
        "PolicyName": "PipelineBuildCDKBuildCodePipelineActionRoleDefaultPolicyE350F3F9",
        "Roles": Array [
          Object {
            "Ref": "PipelineBuildCDKBuildCodePipelineActionRole15F4B424",
          },
        ],
      },
      "Type": "AWS::IAM::Policy",
    },
    "PipelineBuildServiceBuildCodePipelineActionRole584B0FA3": Object {
      "Properties": Object {
        "AssumeRolePolicyDocument": Object {
          "Statement": Array [
            Object {
              "Action": "sts:AssumeRole",
              "Effect": "Allow",
              "Principal": Object {
                "AWS": Object {
                  "Fn::Join": Array [
                    "",
                    Array [
                      "arn:",
                      Object {
                        "Ref": "AWS::Partition",
                      },
                      ":iam::1234567:root",
                    ],
                  ],
                },
              },
            },
          ],
          "Version": "2012-10-17",
        },
      },
      "Type": "AWS::IAM::Role",
    },
    "PipelineBuildServiceBuildCodePipelineActionRoleDefaultPolicyE6A14559": Object {
      "Properties": Object {
        "PolicyDocument": Object {
          "Statement": Array [
            Object {
              "Action": Array [
                "codebuild:BatchGetBuilds",
                "codebuild:StartBuild",
                "codebuild:StopBuild",
              ],
              "Effect": "Allow",
              "Resource": Object {
                "Fn::GetAtt": Array [
                  "ServiceBuildProject6D228AFA",
                  "Arn",
                ],
              },
            },
          ],
          "Version": "2012-10-17",
        },
        "PolicyName": "PipelineBuildServiceBuildCodePipelineActionRoleDefaultPolicyE6A14559",
        "Roles": Array [
          Object {
            "Ref": "PipelineBuildServiceBuildCodePipelineActionRole584B0FA3",
          },
        ],
      },
      "Type": "AWS::IAM::Policy",
    },
    "PipelineC660917D": Object {
      "DependsOn": Array [
        "PipelineRoleDefaultPolicyC7A05455",
        "PipelineRoleD68726F7",
      ],
      "Properties": Object {
        "ArtifactStore": Object {
          "Location": Object {
            "Ref": "PipelineArtifactsBucket22248F97",
          },
          "Type": "S3",
        },
        "Name": "Pipeline",
        "RestartExecutionOnUpdate": true,
        "RoleArn": Object {
          "Fn::GetAtt": Array [
            "PipelineRoleD68726F7",
            "Arn",
          ],
        },
        "Stages": Array [
          Object {
            "Actions": Array [
              Object {
                "ActionTypeId": Object {
                  "Category": "Source",
                  "Owner": "ThirdParty",
                  "Provider": "GitHub",
                  "Version": "1",
                },
                "Configuration": Object {
                  "Branch": "main",
                  "OAuthToken": "{{resolve:secretsmanager:github-pipeline-course-token:SecretString:::}}",
                  "Owner": "AndresH1213",
                  "PollForSourceChanges": false,
                  "Repo": "aws-pipeline-course",
                },
                "Name": "Pipeline_Source",
                "OutputArtifacts": Array [
                  Object {
                    "Name": "CdkSourceOutput",
                  },
                ],
                "RunOrder": 1,
              },
              Object {
                "ActionTypeId": Object {
                  "Category": "Source",
                  "Owner": "ThirdParty",
                  "Provider": "GitHub",
                  "Version": "1",
                },
                "Configuration": Object {
                  "Branch": "main",
                  "OAuthToken": "{{resolve:secretsmanager:github-pipeline-course-token:SecretString:::}}",
                  "Owner": "AndresH1213",
                  "PollForSourceChanges": false,
                  "Repo": "express-lambda-service-plud",
                },
                "Name": "Service_Source",
                "OutputArtifacts": Array [
                  Object {
                    "Name": "ServiceSourceOutput",
                  },
                ],
                "RunOrder": 1,
              },
            ],
            "Name": "Source",
          },
          Object {
            "Actions": Array [
              Object {
                "ActionTypeId": Object {
                  "Category": "Build",
                  "Owner": "AWS",
                  "Provider": "CodeBuild",
                  "Version": "1",
                },
                "Configuration": Object {
                  "ProjectName": Object {
                    "Ref": "CdkBuildProject9382C38D",
                  },
                },
                "InputArtifacts": Array [
                  Object {
                    "Name": "CdkSourceOutput",
                  },
                ],
                "Name": "CDK_Build",
                "OutputArtifacts": Array [
                  Object {
                    "Name": "CdkBuildOutput",
                  },
                ],
                "RoleArn": Object {
                  "Fn::GetAtt": Array [
                    "PipelineBuildCDKBuildCodePipelineActionRole15F4B424",
                    "Arn",
                  ],
                },
                "RunOrder": 1,
              },
              Object {
                "ActionTypeId": Object {
                  "Category": "Build",
                  "Owner": "AWS",
                  "Provider": "CodeBuild",
                  "Version": "1",
                },
                "Configuration": Object {
                  "ProjectName": Object {
                    "Ref": "ServiceBuildProject6D228AFA",
                  },
                },
                "InputArtifacts": Array [
                  Object {
                    "Name": "ServiceSourceOutput",
                  },
                ],
                "Name": "Service_Build",
                "OutputArtifacts": Array [
                  Object {
                    "Name": "ServiceBuildOutput",
                  },
                ],
                "RoleArn": Object {
                  "Fn::GetAtt": Array [
                    "PipelineBuildServiceBuildCodePipelineActionRole584B0FA3",
                    "Arn",
                  ],
                },
                "RunOrder": 1,
              },
            ],
            "Name": "Build",
          },
          Object {
            "Actions": Array [
              Object {
                "ActionTypeId": Object {
                  "Category": "Deploy",
                  "Owner": "AWS",
                  "Provider": "CloudFormation",
                  "Version": "1",
                },
                "Configuration": Object {
                  "ActionMode": "CREATE_UPDATE",
                  "Capabilities": "CAPABILITY_NAMED_IAM",
                  "RoleArn": Object {
                    "Fn::GetAtt": Array [
                      "PipelinePipelineUpdatePipelineupdateRoleC3566919",
                      "Arn",
                    ],
                  },
                  "StackName": "PipelineStack",
                  "TemplatePath": "CdkBuildOutput::PipelineStack.template.json",
                },
                "InputArtifacts": Array [
                  Object {
                    "Name": "CdkBuildOutput",
                  },
                ],
                "Name": "Pipeline_update",
                "RoleArn": Object {
                  "Fn::GetAtt": Array [
                    "PipelinePipelineUpdatePipelineupdateCodePipelineActionRoleBB0E4266",
                    "Arn",
                  ],
                },
                "RunOrder": 1,
              },
            ],
            "Name": "Pipeline_Update",
          },
        ],
      },
      "Type": "AWS::CodePipeline::Pipeline",
    },
    "PipelineNotification3CB9C198": Object {
      "Properties": Object {
        "TopicName": "PipelineNotifications",
      },
      "Type": "AWS::SNS::Topic",
    },
    "PipelineNotificationedanhebla1213gmailcom670C6912": Object {
      "Properties": Object {
        "Endpoint": "edanhebla1213@gmail.com",
        "Protocol": "email",
        "TopicArn": Object {
          "Ref": "PipelineNotification3CB9C198",
        },
      },
      "Type": "AWS::SNS::Subscription",
    },
    "PipelinePipelineUpdatePipelineupdateCodePipelineActionRoleBB0E4266": Object {
      "Properties": Object {
        "AssumeRolePolicyDocument": Object {
          "Statement": Array [
            Object {
              "Action": "sts:AssumeRole",
              "Effect": "Allow",
              "Principal": Object {
                "AWS": Object {
                  "Fn::Join": Array [
                    "",
                    Array [
                      "arn:",
                      Object {
                        "Ref": "AWS::Partition",
                      },
                      ":iam::1234567:root",
                    ],
                  ],
                },
              },
            },
          ],
          "Version": "2012-10-17",
        },
      },
      "Type": "AWS::IAM::Role",
    },
    "PipelinePipelineUpdatePipelineupdateCodePipelineActionRoleDefaultPolicy83EA5A53": Object {
      "Properties": Object {
        "PolicyDocument": Object {
          "Statement": Array [
            Object {
              "Action": "iam:PassRole",
              "Effect": "Allow",
              "Resource": Object {
                "Fn::GetAtt": Array [
                  "PipelinePipelineUpdatePipelineupdateRoleC3566919",
                  "Arn",
                ],
              },
            },
            Object {
              "Action": Array [
                "s3:GetObject*",
                "s3:GetBucket*",
                "s3:List*",
              ],
              "Effect": "Allow",
              "Resource": Array [
                Object {
                  "Fn::GetAtt": Array [
                    "PipelineArtifactsBucket22248F97",
                    "Arn",
                  ],
                },
                Object {
                  "Fn::Join": Array [
                    "",
                    Array [
                      Object {
                        "Fn::GetAtt": Array [
                          "PipelineArtifactsBucket22248F97",
                          "Arn",
                        ],
                      },
                      "/*",
                    ],
                  ],
                },
              ],
            },
            Object {
              "Action": Array [
                "cloudformation:CreateStack",
                "cloudformation:DescribeStack*",
                "cloudformation:GetStackPolicy",
                "cloudformation:GetTemplate*",
                "cloudformation:SetStackPolicy",
                "cloudformation:UpdateStack",
                "cloudformation:ValidateTemplate",
              ],
              "Effect": "Allow",
              "Resource": Object {
                "Fn::Join": Array [
                  "",
                  Array [
                    "arn:",
                    Object {
                      "Ref": "AWS::Partition",
                    },
                    ":cloudformation:us-east-1:1234567:stack/PipelineStack/*",
                  ],
                ],
              },
            },
          ],
          "Version": "2012-10-17",
        },
        "PolicyName": "PipelinePipelineUpdatePipelineupdateCodePipelineActionRoleDefaultPolicy83EA5A53",
        "Roles": Array [
          Object {
            "Ref": "PipelinePipelineUpdatePipelineupdateCodePipelineActionRoleBB0E4266",
          },
        ],
      },
      "Type": "AWS::IAM::Policy",
    },
    "PipelinePipelineUpdatePipelineupdateRoleC3566919": Object {
      "Properties": Object {
        "AssumeRolePolicyDocument": Object {
          "Statement": Array [
            Object {
              "Action": "sts:AssumeRole",
              "Effect": "Allow",
              "Principal": Object {
                "Service": "cloudformation.amazonaws.com",
              },
            },
          ],
          "Version": "2012-10-17",
        },
      },
      "Type": "AWS::IAM::Role",
    },
    "PipelinePipelineUpdatePipelineupdateRoleDefaultPolicy78C6DBC9": Object {
      "Properties": Object {
        "PolicyDocument": Object {
          "Statement": Array [
            Object {
              "Action": Array [
                "s3:GetObject*",
                "s3:GetBucket*",
                "s3:List*",
              ],
              "Effect": "Allow",
              "Resource": Array [
                Object {
                  "Fn::GetAtt": Array [
                    "PipelineArtifactsBucket22248F97",
                    "Arn",
                  ],
                },
                Object {
                  "Fn::Join": Array [
                    "",
                    Array [
                      Object {
                        "Fn::GetAtt": Array [
                          "PipelineArtifactsBucket22248F97",
                          "Arn",
                        ],
                      },
                      "/*",
                    ],
                  ],
                },
              ],
            },
            Object {
              "Action": "*",
              "Effect": "Allow",
              "Resource": "*",
            },
          ],
          "Version": "2012-10-17",
        },
        "PolicyName": "PipelinePipelineUpdatePipelineupdateRoleDefaultPolicy78C6DBC9",
        "Roles": Array [
          Object {
            "Ref": "PipelinePipelineUpdatePipelineupdateRoleC3566919",
          },
        ],
      },
      "Type": "AWS::IAM::Policy",
    },
    "PipelineRoleD68726F7": Object {
      "Properties": Object {
        "AssumeRolePolicyDocument": Object {
          "Statement": Array [
            Object {
              "Action": "sts:AssumeRole",
              "Effect": "Allow",
              "Principal": Object {
                "Service": "codepipeline.amazonaws.com",
              },
            },
          ],
          "Version": "2012-10-17",
        },
      },
      "Type": "AWS::IAM::Role",
    },
    "PipelineRoleDefaultPolicyC7A05455": Object {
      "Properties": Object {
        "PolicyDocument": Object {
          "Statement": Array [
            Object {
              "Action": Array [
                "s3:GetObject*",
                "s3:GetBucket*",
                "s3:List*",
                "s3:DeleteObject*",
                "s3:PutObject",
                "s3:PutObjectLegalHold",
                "s3:PutObjectRetention",
                "s3:PutObjectTagging",
                "s3:PutObjectVersionTagging",
                "s3:Abort*",
              ],
              "Effect": "Allow",
              "Resource": Array [
                Object {
                  "Fn::GetAtt": Array [
                    "PipelineArtifactsBucket22248F97",
                    "Arn",
                  ],
                },
                Object {
                  "Fn::Join": Array [
                    "",
                    Array [
                      Object {
                        "Fn::GetAtt": Array [
                          "PipelineArtifactsBucket22248F97",
                          "Arn",
                        ],
                      },
                      "/*",
                    ],
                  ],
                },
              ],
            },
            Object {
              "Action": "sts:AssumeRole",
              "Effect": "Allow",
              "Resource": Object {
                "Fn::GetAtt": Array [
                  "PipelineBuildCDKBuildCodePipelineActionRole15F4B424",
                  "Arn",
                ],
              },
            },
            Object {
              "Action": "sts:AssumeRole",
              "Effect": "Allow",
              "Resource": Object {
                "Fn::GetAtt": Array [
                  "PipelineBuildServiceBuildCodePipelineActionRole584B0FA3",
                  "Arn",
                ],
              },
            },
            Object {
              "Action": "sts:AssumeRole",
              "Effect": "Allow",
              "Resource": Object {
                "Fn::GetAtt": Array [
                  "PipelinePipelineUpdatePipelineupdateCodePipelineActionRoleBB0E4266",
                  "Arn",
                ],
              },
            },
          ],
          "Version": "2012-10-17",
        },
        "PolicyName": "PipelineRoleDefaultPolicyC7A05455",
        "Roles": Array [
          Object {
            "Ref": "PipelineRoleD68726F7",
          },
        ],
      },
      "Type": "AWS::IAM::Policy",
    },
    "PipelineSourcePipelineSourceWebhookResource7B23E466": Object {
      "Properties": Object {
        "Authentication": "GITHUB_HMAC",
        "AuthenticationConfiguration": Object {
          "SecretToken": "{{resolve:secretsmanager:github-pipeline-course-token:SecretString:::}}",
        },
        "Filters": Array [
          Object {
            "JsonPath": "$.ref",
            "MatchEquals": "refs/heads/{Branch}",
          },
        ],
        "RegisterWithThirdParty": true,
        "TargetAction": "Pipeline_Source",
        "TargetPipeline": Object {
          "Ref": "PipelineC660917D",
        },
        "TargetPipelineVersion": 1,
      },
      "Type": "AWS::CodePipeline::Webhook",
    },
    "PipelineSourceServiceSourceWebhookResourceF8F7A072": Object {
      "Properties": Object {
        "Authentication": "GITHUB_HMAC",
        "AuthenticationConfiguration": Object {
          "SecretToken": "{{resolve:secretsmanager:github-pipeline-course-token:SecretString:::}}",
        },
        "Filters": Array [
          Object {
            "JsonPath": "$.ref",
            "MatchEquals": "refs/heads/{Branch}",
          },
        ],
        "RegisterWithThirdParty": true,
        "TargetAction": "Service_Source",
        "TargetPipeline": Object {
          "Ref": "PipelineC660917D",
        },
        "TargetPipelineVersion": 1,
      },
      "Type": "AWS::CodePipeline::Webhook",
    },
    "ServiceBuildProject6D228AFA": Object {
      "Properties": Object {
        "Artifacts": Object {
          "Type": "CODEPIPELINE",
        },
        "Cache": Object {
          "Type": "NO_CACHE",
        },
        "EncryptionKey": "alias/aws/s3",
        "Environment": Object {
          "ComputeType": "BUILD_GENERAL1_SMALL",
          "Image": "aws/codebuild/standard:5.0",
          "ImagePullCredentialsType": "CODEBUILD",
          "PrivilegedMode": false,
          "Type": "LINUX_CONTAINER",
        },
        "ServiceRole": Object {
          "Fn::GetAtt": Array [
            "ServiceBuildProjectRoleEB246009",
            "Arn",
          ],
        },
        "Source": Object {
          "BuildSpec": "build-specs/service-build-spec.yml",
          "Type": "CODEPIPELINE",
        },
      },
      "Type": "AWS::CodeBuild::Project",
    },
    "ServiceBuildProjectRoleDefaultPolicy29400A8A": Object {
      "Properties": Object {
        "PolicyDocument": Object {
          "Statement": Array [
            Object {
              "Action": Array [
                "logs:CreateLogGroup",
                "logs:CreateLogStream",
                "logs:PutLogEvents",
              ],
              "Effect": "Allow",
              "Resource": Array [
                Object {
                  "Fn::Join": Array [
                    "",
                    Array [
                      "arn:",
                      Object {
                        "Ref": "AWS::Partition",
                      },
                      ":logs:us-east-1:1234567:log-group:/aws/codebuild/",
                      Object {
                        "Ref": "ServiceBuildProject6D228AFA",
                      },
                    ],
                  ],
                },
                Object {
                  "Fn::Join": Array [
                    "",
                    Array [
                      "arn:",
                      Object {
                        "Ref": "AWS::Partition",
                      },
                      ":logs:us-east-1:1234567:log-group:/aws/codebuild/",
                      Object {
                        "Ref": "ServiceBuildProject6D228AFA",
                      },
                      ":*",
                    ],
                  ],
                },
              ],
            },
            Object {
              "Action": Array [
                "codebuild:CreateReportGroup",
                "codebuild:CreateReport",
                "codebuild:UpdateReport",
                "codebuild:BatchPutTestCases",
                "codebuild:BatchPutCodeCoverages",
              ],
              "Effect": "Allow",
              "Resource": Object {
                "Fn::Join": Array [
                  "",
                  Array [
                    "arn:",
                    Object {
                      "Ref": "AWS::Partition",
                    },
                    ":codebuild:us-east-1:1234567:report-group/",
                    Object {
                      "Ref": "ServiceBuildProject6D228AFA",
                    },
                    "-*",
                  ],
                ],
              },
            },
            Object {
              "Action": Array [
                "s3:GetObject*",
                "s3:GetBucket*",
                "s3:List*",
                "s3:DeleteObject*",
                "s3:PutObject",
                "s3:PutObjectLegalHold",
                "s3:PutObjectRetention",
                "s3:PutObjectTagging",
                "s3:PutObjectVersionTagging",
                "s3:Abort*",
              ],
              "Effect": "Allow",
              "Resource": Array [
                Object {
                  "Fn::GetAtt": Array [
                    "PipelineArtifactsBucket22248F97",
                    "Arn",
                  ],
                },
                Object {
                  "Fn::Join": Array [
                    "",
                    Array [
                      Object {
                        "Fn::GetAtt": Array [
                          "PipelineArtifactsBucket22248F97",
                          "Arn",
                        ],
                      },
                      "/*",
                    ],
                  ],
                },
              ],
            },
          ],
          "Version": "2012-10-17",
        },
        "PolicyName": "ServiceBuildProjectRoleDefaultPolicy29400A8A",
        "Roles": Array [
          Object {
            "Ref": "ServiceBuildProjectRoleEB246009",
          },
        ],
      },
      "Type": "AWS::IAM::Policy",
    },
    "ServiceBuildProjectRoleEB246009": Object {
      "Properties": Object {
        "AssumeRolePolicyDocument": Object {
          "Statement": Array [
            Object {
              "Action": "sts:AssumeRole",
              "Effect": "Allow",
              "Principal": Object {
                "Service": "codebuild.amazonaws.com",
              },
            },
          ],
          "Version": "2012-10-17",
        },
      },
      "Type": "AWS::IAM::Role",
    },
  },
  "Rules": Object {
    "CheckBootstrapVersion": Object {
      "Assertions": Array [
        Object {
          "Assert": Object {
            "Fn::Not": Array [
              Object {
                "Fn::Contains": Array [
                  Array [
                    "1",
                    "2",
                    "3",
                    "4",
                    "5",
                  ],
                  Object {
                    "Ref": "BootstrapVersion",
                  },
                ],
              },
            ],
          },
          "AssertDescription": "CDK bootstrap stack version 6 required. Please run 'cdk bootstrap' with a recent version of the CDK CLI.",
        },
      ],
    },
  },
}
`;
